// Jest Snapshot v1, https://goo.gl/fbAQLP

exports[`Welcome Component json renders learn react link snapshot test 1`] = `
<div
  className="sc-AxjAm jWlVxK"
>
  <div
    className="sc-AxhCb ijzMIc"
  >
    <div
      className="sc-AxgMl sc-fznJRM woAAk"
    >
      <div
        className="sc-AxheI sc-fzqBkg sc-fzqPZZ jvEYNm"
      >
        <div
          className="sc-Axmtr sc-fzpkJw jNWTGi"
          data-test-id="column-1"
        >
          <div
            className="sc-fznKkj sc-fznZeY tvPdy"
          >
            <h1
              data-test-id="app-title"
            >
              Welcome to React This is a dummy Heading Here is the dummy text
               
              1
            </h1>
          </div>
        </div>
        <div
          className="sc-Axmtr sc-fzpkJw jNWTGi"
          data-test-id="column-1"
        >
          <div
            className="sc-fznKkj sc-fznZeY tvPdy"
          >
            <h1
              data-test-id="app-title"
            >
              Welcome to React This is a dummy Heading Here is the dummy text
               
              1
            </h1>
          </div>
        </div>
        <div
          className="sc-Axmtr sc-fzpkJw jNWTGi"
          data-test-id="column-1"
        >
          <div
            className="sc-fznKkj sc-fznZeY tvPdy"
          >
            <h1
              data-test-id="app-title"
            >
              Welcome to React This is a dummy Heading Here is the dummy text
               
              1
            </h1>
          </div>
        </div>
        <div
          className="sc-Axmtr sc-fzpkJw jNWTGi"
          data-test-id="column-1"
        >
          <div
            className="sc-fznKkj sc-fznZeY tvPdy"
          >
            <h1
              data-test-id="app-title"
            >
              Welcome to React This is a dummy Heading Here is the dummy text
               
              1
            </h1>
          </div>
        </div>
        <div
          className="sc-Axmtr sc-fzpkJw jNWTGi"
          data-test-id="column-1"
        >
          <div
            className="sc-fznKkj sc-fznZeY tvPdy"
          >
            <h1
              data-test-id="app-title"
            >
              Welcome to React This is a dummy Heading Here is the dummy text
               
              1
            </h1>
          </div>
        </div>
        <div
          className="sc-Axmtr sc-fzpkJw jNWTGi"
          data-test-id="column-1"
        >
          <div
            className="sc-fznKkj sc-fznZeY tvPdy"
          >
            <h1
              data-test-id="app-title"
            >
              Welcome to React This is a dummy Heading Here is the dummy text
               
              1
            </h1>
          </div>
        </div>
        <div
          className="sc-Axmtr sc-fzpkJw jNWTGi"
          data-test-id="column-1"
        >
          <div
            className="sc-fznKkj sc-fznZeY tvPdy"
          >
            <h1
              data-test-id="app-title"
            >
              Welcome to React This is a dummy Heading Here is the dummy text
               
              1
            </h1>
          </div>
        </div>
        <div
          className="sc-Axmtr sc-fzpkJw jNWTGi"
          data-test-id="column-1"
        >
          <div
            className="sc-fznKkj sc-fznZeY tvPdy"
          >
            <h1
              data-test-id="app-title"
            >
              Welcome to React This is a dummy Heading Here is the dummy text
               
              1
            </h1>
          </div>
        </div>
        <div
          className="sc-Axmtr sc-fzpkJw jNWTGi"
          data-test-id="column-1"
        >
          <div
            className="sc-fznKkj sc-fznZeY tvPdy"
          >
            <h1
              data-test-id="app-title"
            >
              Welcome to React This is a dummy Heading Here is the dummy text
               
              1
            </h1>
          </div>
        </div>
        <div
          className="sc-Axmtr sc-fzpkJw jNWTGi"
          data-test-id="column-1"
        >
          <div
            className="sc-fznKkj sc-fznZeY tvPdy"
          >
            <h1
              data-test-id="app-title"
            >
              Welcome to React This is a dummy Heading Here is the dummy text
               
              1
            </h1>
          </div>
        </div>
        <div
          className="sc-Axmtr sc-fzpkJw jNWTGi"
          data-test-id="column-1"
        >
          <div
            className="sc-fznKkj sc-fznZeY tvPdy"
          >
            <h1
              data-test-id="app-title"
            >
              Welcome to React This is a dummy Heading Here is the dummy text
               
              1
            </h1>
          </div>
        </div>
        <div
          className="sc-Axmtr sc-fzpkJw jNWTGi"
          data-test-id="column-1"
        >
          <div
            className="sc-fznKkj sc-fznZeY tvPdy"
          >
            <h1
              data-test-id="app-title"
            >
              Welcome to React This is a dummy Heading Here is the dummy text
               
              1
            </h1>
          </div>
        </div>
        <div
          className="sc-Axmtr sc-fzpkJw jNWTGi"
          data-test-id="column-1"
        >
          <div
            className="sc-fznKkj sc-fznZeY tvPdy"
          >
            <h1
              data-test-id="app-title"
            >
              Welcome to React This is a dummy Heading Here is the dummy text
               
              1
            </h1>
          </div>
        </div>
        <div
          className="sc-Axmtr sc-fzpkJw jNWTGi"
          data-test-id="column-1"
        >
          <div
            className="sc-fznKkj sc-fznZeY tvPdy"
          >
            <h1
              data-test-id="app-title"
            >
              Welcome to React This is a dummy Heading Here is the dummy text
               
              1
            </h1>
          </div>
        </div>
        <div
          className="sc-Axmtr sc-fzpkJw jNWTGi"
          data-test-id="column-1"
        >
          <div
            className="sc-fznKkj sc-fznZeY tvPdy"
          >
            <h1
              data-test-id="app-title"
            >
              Welcome to React This is a dummy Heading Here is the dummy text
               
              1
            </h1>
          </div>
        </div>
        <div
          className="sc-Axmtr sc-fzpkJw jNWTGi"
          data-test-id="column-1"
        >
          <div
            className="sc-fznKkj sc-fznZeY tvPdy"
          >
            <h1
              data-test-id="app-title"
            >
              Welcome to React This is a dummy Heading Here is the dummy text
               
              1
            </h1>
          </div>
        </div>
        <div
          className="sc-Axmtr sc-fzpkJw jNWTGi"
          data-test-id="column-1"
        >
          <div
            className="sc-fznKkj sc-fznZeY tvPdy"
          >
            <h1
              data-test-id="app-title"
            >
              Welcome to React This is a dummy Heading Here is the dummy text
               
              1
            </h1>
          </div>
        </div>
        <div
          className="sc-Axmtr sc-fzpkJw jNWTGi"
          data-test-id="column-1"
        >
          <div
            className="sc-fznKkj sc-fznZeY tvPdy"
          >
            <h1
              data-test-id="app-title"
            >
              Welcome to React This is a dummy Heading Here is the dummy text
               
              1
            </h1>
          </div>
        </div>
        <div
          className="sc-Axmtr sc-fzpkJw jNWTGi"
          data-test-id="column-1"
        >
          <div
            className="sc-fznKkj sc-fznZeY tvPdy"
          >
            <h1
              data-test-id="app-title"
            >
              Welcome to React This is a dummy Heading Here is the dummy text
               
              1
            </h1>
          </div>
        </div>
        <div
          className="sc-Axmtr sc-fzpkJw jNWTGi"
          data-test-id="column-1"
        >
          <div
            className="sc-fznKkj sc-fznZeY tvPdy"
          >
            <h1
              data-test-id="app-title"
            >
              Welcome to React This is a dummy Heading Here is the dummy text
               
              1
            </h1>
          </div>
        </div>
        <div
          className="sc-Axmtr sc-fzpkJw jNWTGi"
          data-test-id="column-1"
        >
          <div
            className="sc-fznKkj sc-fznZeY tvPdy"
          >
            <h1
              data-test-id="app-title"
            >
              Welcome to React This is a dummy Heading Here is the dummy text
               
              1
            </h1>
          </div>
        </div>
        <div
          className="sc-Axmtr sc-fzpkJw jNWTGi"
          data-test-id="column-1"
        >
          <div
            className="sc-fznKkj sc-fznZeY tvPdy"
          >
            <h1
              data-test-id="app-title"
            >
              Welcome to React This is a dummy Heading Here is the dummy text
               
              1
            </h1>
          </div>
        </div>
        <div
          className="sc-Axmtr sc-fzpkJw jNWTGi"
          data-test-id="column-1"
        >
          <div
            className="sc-fznKkj sc-fznZeY tvPdy"
          >
            <h1
              data-test-id="app-title"
            >
              Welcome to React This is a dummy Heading Here is the dummy text
               
              1
            </h1>
          </div>
        </div>
        <div
          className="sc-Axmtr sc-fzpkJw jNWTGi"
          data-test-id="column-1"
        >
          <div
            className="sc-fznKkj sc-fznZeY tvPdy"
          >
            <h1
              data-test-id="app-title"
            >
              Welcome to React This is a dummy Heading Here is the dummy text
               
              1
            </h1>
          </div>
        </div>
        <div
          className="sc-Axmtr sc-fzpkJw jNWTGi"
          data-test-id="column-1"
        >
          <div
            className="sc-fznKkj sc-fznZeY tvPdy"
          >
            <h1
              data-test-id="app-title"
            >
              Welcome to React This is a dummy Heading Here is the dummy text
               
              1
            </h1>
          </div>
        </div>
        <div
          className="sc-Axmtr sc-fzpkJw jNWTGi"
          data-test-id="column-1"
        >
          <div
            className="sc-fznKkj sc-fznZeY tvPdy"
          >
            <h1
              data-test-id="app-title"
            >
              Welcome to React This is a dummy Heading Here is the dummy text
               
              1
            </h1>
          </div>
        </div>
        <div
          className="sc-Axmtr sc-fzpkJw jNWTGi"
          data-test-id="column-1"
        >
          <div
            className="sc-fznKkj sc-fznZeY tvPdy"
          >
            <h1
              data-test-id="app-title"
            >
              Welcome to React This is a dummy Heading Here is the dummy text
               
              1
            </h1>
          </div>
        </div>
        <div
          className="sc-Axmtr sc-fzpkJw jNWTGi"
          data-test-id="column-1"
        >
          <div
            className="sc-fznKkj sc-fznZeY tvPdy"
          >
            <h1
              data-test-id="app-title"
            >
              Welcome to React This is a dummy Heading Here is the dummy text
               
              1
            </h1>
          </div>
        </div>
        <div
          className="sc-Axmtr sc-fzpkJw jNWTGi"
          data-test-id="column-1"
        >
          <div
            className="sc-fznKkj sc-fznZeY tvPdy"
          >
            <h1
              data-test-id="app-title"
            >
              Welcome to React This is a dummy Heading Here is the dummy text
               
              1
            </h1>
          </div>
        </div>
        <div
          className="sc-Axmtr sc-fzpkJw jNWTGi"
          data-test-id="column-1"
        >
          <div
            className="sc-fznKkj sc-fznZeY tvPdy"
          >
            <h1
              data-test-id="app-title"
            >
              Welcome to React This is a dummy Heading Here is the dummy text
               
              1
            </h1>
          </div>
        </div>
        <div
          className="sc-Axmtr sc-fzpkJw jNWTGi"
          data-test-id="column-1"
        >
          <div
            className="sc-fznKkj sc-fznZeY tvPdy"
          >
            <h1
              data-test-id="app-title"
            >
              Welcome to React This is a dummy Heading Here is the dummy text
               
              1
            </h1>
          </div>
        </div>
        <div
          className="sc-Axmtr sc-fzpkJw jNWTGi"
          data-test-id="column-1"
        >
          <div
            className="sc-fznKkj sc-fznZeY tvPdy"
          >
            <h1
              data-test-id="app-title"
            >
              Welcome to React This is a dummy Heading Here is the dummy text
               
              1
            </h1>
          </div>
        </div>
        <div
          className="sc-Axmtr sc-fzpkJw jNWTGi"
          data-test-id="column-1"
        >
          <div
            className="sc-fznKkj sc-fznZeY tvPdy"
          >
            <h1
              data-test-id="app-title"
            >
              Welcome to React This is a dummy Heading Here is the dummy text
               
              1
            </h1>
          </div>
        </div>
        <div
          className="sc-Axmtr sc-fzpkJw jNWTGi"
          data-test-id="column-1"
        >
          <div
            className="sc-fznKkj sc-fznZeY tvPdy"
          >
            <h1
              data-test-id="app-title"
            >
              Welcome to React This is a dummy Heading Here is the dummy text
               
              1
            </h1>
          </div>
        </div>
        <div
          className="sc-Axmtr sc-fzpkJw jNWTGi"
          data-test-id="column-1"
        >
          <div
            className="sc-fznKkj sc-fznZeY tvPdy"
          >
            <h1
              data-test-id="app-title"
            >
              Welcome to React This is a dummy Heading Here is the dummy text
               
              1
            </h1>
          </div>
        </div>
        <div
          className="sc-Axmtr sc-fzpkJw jNWTGi"
          data-test-id="column-1"
        >
          <div
            className="sc-fznKkj sc-fznZeY tvPdy"
          >
            <h1
              data-test-id="app-title"
            >
              Welcome to React This is a dummy Heading Here is the dummy text
               
              1
            </h1>
          </div>
        </div>
        <div
          className="sc-Axmtr sc-fzpkJw jNWTGi"
          data-test-id="column-1"
        >
          <div
            className="sc-fznKkj sc-fznZeY tvPdy"
          >
            <h1
              data-test-id="app-title"
            >
              Welcome to React This is a dummy Heading Here is the dummy text
               
              1
            </h1>
          </div>
        </div>
        <div
          className="sc-Axmtr sc-fzpkJw jNWTGi"
          data-test-id="column-1"
        >
          <div
            className="sc-fznKkj sc-fznZeY tvPdy"
          >
            <h1
              data-test-id="app-title"
            >
              Welcome to React This is a dummy Heading Here is the dummy text
               
              1
            </h1>
          </div>
        </div>
        <div
          className="sc-Axmtr sc-fzpkJw jNWTGi"
          data-test-id="column-1"
        >
          <div
            className="sc-fznKkj sc-fznZeY tvPdy"
          >
            <h1
              data-test-id="app-title"
            >
              Welcome to React This is a dummy Heading Here is the dummy text
               
              1
            </h1>
          </div>
        </div>
        <div
          className="sc-Axmtr sc-fzpkJw jNWTGi"
          data-test-id="column-1"
        >
          <div
            className="sc-fznKkj sc-fznZeY tvPdy"
          >
            <h1
              data-test-id="app-title"
            >
              Welcome to React This is a dummy Heading Here is the dummy text
               
              1
            </h1>
          </div>
        </div>
        <div
          className="sc-Axmtr sc-fzpkJw jNWTGi"
          data-test-id="column-1"
        >
          <div
            className="sc-fznKkj sc-fznZeY tvPdy"
          >
            <h1
              data-test-id="app-title"
            >
              Welcome to React This is a dummy Heading Here is the dummy text
               
              1
            </h1>
          </div>
        </div>
        <div
          className="sc-Axmtr sc-fzpkJw jNWTGi"
          data-test-id="column-1"
        >
          <div
            className="sc-fznKkj sc-fznZeY tvPdy"
          >
            <h1
              data-test-id="app-title"
            >
              Welcome to React This is a dummy Heading Here is the dummy text
               
              1
            </h1>
          </div>
        </div>
        <div
          className="sc-Axmtr sc-fzpkJw jNWTGi"
          data-test-id="column-1"
        >
          <div
            className="sc-fznKkj sc-fznZeY tvPdy"
          >
            <h1
              data-test-id="app-title"
            >
              Welcome to React This is a dummy Heading Here is the dummy text
               
              1
            </h1>
          </div>
        </div>
        <div
          className="sc-Axmtr sc-fzpkJw jNWTGi"
          data-test-id="column-1"
        >
          <div
            className="sc-fznKkj sc-fznZeY tvPdy"
          >
            <h1
              data-test-id="app-title"
            >
              Welcome to React This is a dummy Heading Here is the dummy text
               
              1
            </h1>
          </div>
        </div>
        <div
          className="sc-Axmtr sc-fzpkJw jNWTGi"
          data-test-id="column-1"
        >
          <div
            className="sc-fznKkj sc-fznZeY tvPdy"
          >
            <h1
              data-test-id="app-title"
            >
              Welcome to React This is a dummy Heading Here is the dummy text
               
              1
            </h1>
          </div>
        </div>
        <div
          className="sc-Axmtr sc-fzpkJw jNWTGi"
          data-test-id="column-1"
        >
          <div
            className="sc-fznKkj sc-fznZeY tvPdy"
          >
            <h1
              data-test-id="app-title"
            >
              Welcome to React This is a dummy Heading Here is the dummy text
               
              1
            </h1>
          </div>
        </div>
        <div
          className="sc-Axmtr sc-fzpkJw jNWTGi"
          data-test-id="column-1"
        >
          <div
            className="sc-fznKkj sc-fznZeY tvPdy"
          >
            <h1
              data-test-id="app-title"
            >
              Welcome to React This is a dummy Heading Here is the dummy text
               
              1
            </h1>
          </div>
        </div>
        <div
          className="sc-Axmtr sc-fzpkJw jNWTGi"
          data-test-id="column-1"
        >
          <div
            className="sc-fznKkj sc-fznZeY tvPdy"
          >
            <h1
              data-test-id="app-title"
            >
              Welcome to React This is a dummy Heading Here is the dummy text
               
              1
            </h1>
          </div>
        </div>
        <div
          className="sc-Axmtr sc-fzpkJw jNWTGi"
          data-test-id="column-1"
        >
          <div
            className="sc-fznKkj sc-fznZeY tvPdy"
          >
            <h1
              data-test-id="app-title"
            >
              Welcome to React This is a dummy Heading Here is the dummy text
               
              1
            </h1>
          </div>
        </div>
        <div
          className="sc-Axmtr sc-fzpkJw jNWTGi"
          data-test-id="column-1"
        >
          <div
            className="sc-fznKkj sc-fznZeY tvPdy"
          >
            <h1
              data-test-id="app-title"
            >
              Welcome to React This is a dummy Heading Here is the dummy text
               
              1
            </h1>
          </div>
        </div>
        <div
          className="sc-Axmtr sc-fzpkJw jNWTGi"
          data-test-id="column-1"
        >
          <div
            className="sc-fznKkj sc-fznZeY tvPdy"
          >
            <h1
              data-test-id="app-title"
            >
              Welcome to React This is a dummy Heading Here is the dummy text
               
              1
            </h1>
          </div>
        </div>
        <div
          className="sc-Axmtr sc-fzpkJw jNWTGi"
          data-test-id="column-1"
        >
          <div
            className="sc-fznKkj sc-fznZeY tvPdy"
          >
            <h1
              data-test-id="app-title"
            >
              Welcome to React This is a dummy Heading Here is the dummy text
               
              1
            </h1>
          </div>
        </div>
        <div
          className="sc-Axmtr sc-fzpkJw jNWTGi"
          data-test-id="column-1"
        >
          <div
            className="sc-fznKkj sc-fznZeY tvPdy"
          >
            <h1
              data-test-id="app-title"
            >
              Welcome to React This is a dummy Heading Here is the dummy text
               
              1
            </h1>
          </div>
        </div>
        <div
          className="sc-Axmtr sc-fzpkJw jNWTGi"
          data-test-id="column-1"
        >
          <div
            className="sc-fznKkj sc-fznZeY tvPdy"
          >
            <h1
              data-test-id="app-title"
            >
              Welcome to React This is a dummy Heading Here is the dummy text
               
              1
            </h1>
          </div>
        </div>
        <div
          className="sc-Axmtr sc-fzpkJw jNWTGi"
          data-test-id="column-1"
        >
          <div
            className="sc-fznKkj sc-fznZeY tvPdy"
          >
            <h1
              data-test-id="app-title"
            >
              Welcome to React This is a dummy Heading Here is the dummy text
               
              1
            </h1>
          </div>
        </div>
        <div
          className="sc-Axmtr sc-fzpkJw jNWTGi"
          data-test-id="column-1"
        >
          <div
            className="sc-fznKkj sc-fznZeY tvPdy"
          >
            <h1
              data-test-id="app-title"
            >
              Welcome to React This is a dummy Heading Here is the dummy text
               
              1
            </h1>
          </div>
        </div>
        <div
          className="sc-Axmtr sc-fzpkJw jNWTGi"
          data-test-id="column-1"
        >
          <div
            className="sc-fznKkj sc-fznZeY tvPdy"
          >
            <h1
              data-test-id="app-title"
            >
              Welcome to React This is a dummy Heading Here is the dummy text
               
              1
            </h1>
          </div>
        </div>
        <div
          className="sc-Axmtr sc-fzpkJw jNWTGi"
          data-test-id="column-1"
        >
          <div
            className="sc-fznKkj sc-fznZeY tvPdy"
          >
            <h1
              data-test-id="app-title"
            >
              Welcome to React This is a dummy Heading Here is the dummy text
               
              1
            </h1>
          </div>
        </div>
        <div
          className="sc-Axmtr sc-fzpkJw jNWTGi"
          data-test-id="column-1"
        >
          <div
            className="sc-fznKkj sc-fznZeY tvPdy"
          >
            <h1
              data-test-id="app-title"
            >
              Welcome to React This is a dummy Heading Here is the dummy text
               
              1
            </h1>
          </div>
        </div>
        <div
          className="sc-Axmtr sc-fzpkJw jNWTGi"
          data-test-id="column-1"
        >
          <div
            className="sc-fznKkj sc-fznZeY tvPdy"
          >
            <h1
              data-test-id="app-title"
            >
              Welcome to React This is a dummy Heading Here is the dummy text
               
              1
            </h1>
          </div>
        </div>
        <div
          className="sc-Axmtr sc-fzpkJw jNWTGi"
          data-test-id="column-1"
        >
          <div
            className="sc-fznKkj sc-fznZeY tvPdy"
          >
            <h1
              data-test-id="app-title"
            >
              Welcome to React This is a dummy Heading Here is the dummy text
               
              1
            </h1>
          </div>
        </div>
        <div
          className="sc-Axmtr sc-fzpkJw jNWTGi"
          data-test-id="column-1"
        >
          <div
            className="sc-fznKkj sc-fznZeY tvPdy"
          >
            <h1
              data-test-id="app-title"
            >
              Welcome to React This is a dummy Heading Here is the dummy text
               
              1
            </h1>
          </div>
        </div>
        <div
          className="sc-Axmtr sc-fzpkJw jNWTGi"
          data-test-id="column-1"
        >
          <div
            className="sc-fznKkj sc-fznZeY tvPdy"
          >
            <h1
              data-test-id="app-title"
            >
              Welcome to React This is a dummy Heading Here is the dummy text
               
              1
            </h1>
          </div>
        </div>
        <div
          className="sc-Axmtr sc-fzpkJw jNWTGi"
          data-test-id="column-1"
        >
          <div
            className="sc-fznKkj sc-fznZeY tvPdy"
          >
            <h1
              data-test-id="app-title"
            >
              Welcome to React This is a dummy Heading Here is the dummy text
               
              1
            </h1>
          </div>
        </div>
        <div
          className="sc-Axmtr sc-fzpkJw jNWTGi"
          data-test-id="column-1"
        >
          <div
            className="sc-fznKkj sc-fznZeY tvPdy"
          >
            <h1
              data-test-id="app-title"
            >
              Welcome to React This is a dummy Heading Here is the dummy text
               
              1
            </h1>
          </div>
        </div>
        <div
          className="sc-Axmtr sc-fzpkJw jNWTGi"
          data-test-id="column-1"
        >
          <div
            className="sc-fznKkj sc-fznZeY tvPdy"
          >
            <h1
              data-test-id="app-title"
            >
              Welcome to React This is a dummy Heading Here is the dummy text
               
              1
            </h1>
          </div>
        </div>
        <div
          className="sc-Axmtr sc-fzpkJw jNWTGi"
          data-test-id="column-1"
        >
          <div
            className="sc-fznKkj sc-fznZeY tvPdy"
          >
            <h1
              data-test-id="app-title"
            >
              Welcome to React This is a dummy Heading Here is the dummy text
               
              1
            </h1>
          </div>
        </div>
        <div
          className="sc-Axmtr sc-fzpkJw jNWTGi"
          data-test-id="column-1"
        >
          <div
            className="sc-fznKkj sc-fznZeY tvPdy"
          >
            <h1
              data-test-id="app-title"
            >
              Welcome to React This is a dummy Heading Here is the dummy text
               
              1
            </h1>
          </div>
        </div>
        <div
          className="sc-Axmtr sc-fzpkJw jNWTGi"
          data-test-id="column-1"
        >
          <div
            className="sc-fznKkj sc-fznZeY tvPdy"
          >
            <h1
              data-test-id="app-title"
            >
              Welcome to React This is a dummy Heading Here is the dummy text
               
              1
            </h1>
          </div>
        </div>
        <div
          className="sc-Axmtr sc-fzpkJw jNWTGi"
          data-test-id="column-1"
        >
          <div
            className="sc-fznKkj sc-fznZeY tvPdy"
          >
            <h1
              data-test-id="app-title"
            >
              Welcome to React This is a dummy Heading Here is the dummy text
               
              1
            </h1>
          </div>
        </div>
        <div
          className="sc-Axmtr sc-fzpkJw jNWTGi"
          data-test-id="column-1"
        >
          <div
            className="sc-fznKkj sc-fznZeY tvPdy"
          >
            <h1
              data-test-id="app-title"
            >
              Welcome to React This is a dummy Heading Here is the dummy text
               
              1
            </h1>
          </div>
        </div>
        <div
          className="sc-Axmtr sc-fzpkJw jNWTGi"
          data-test-id="column-1"
        >
          <div
            className="sc-fznKkj sc-fznZeY tvPdy"
          >
            <h1
              data-test-id="app-title"
            >
              Welcome to React This is a dummy Heading Here is the dummy text
               
              1
            </h1>
          </div>
        </div>
        <div
          className="sc-Axmtr sc-fzpkJw jNWTGi"
          data-test-id="column-1"
        >
          <div
            className="sc-fznKkj sc-fznZeY tvPdy"
          >
            <h1
              data-test-id="app-title"
            >
              Welcome to React This is a dummy Heading Here is the dummy text
               
              1
            </h1>
          </div>
        </div>
        <div
          className="sc-Axmtr sc-fzpkJw jNWTGi"
          data-test-id="column-1"
        >
          <div
            className="sc-fznKkj sc-fznZeY tvPdy"
          >
            <h1
              data-test-id="app-title"
            >
              Welcome to React This is a dummy Heading Here is the dummy text
               
              1
            </h1>
          </div>
        </div>
        <div
          className="sc-Axmtr sc-fzpkJw jNWTGi"
          data-test-id="column-1"
        >
          <div
            className="sc-fznKkj sc-fznZeY tvPdy"
          >
            <h1
              data-test-id="app-title"
            >
              Welcome to React This is a dummy Heading Here is the dummy text
               
              1
            </h1>
          </div>
        </div>
        <div
          className="sc-Axmtr sc-fzpkJw jNWTGi"
          data-test-id="column-1"
        >
          <div
            className="sc-fznKkj sc-fznZeY tvPdy"
          >
            <h1
              data-test-id="app-title"
            >
              Welcome to React This is a dummy Heading Here is the dummy text
               
              1
            </h1>
          </div>
        </div>
        <div
          className="sc-Axmtr sc-fzpkJw jNWTGi"
          data-test-id="column-1"
        >
          <div
            className="sc-fznKkj sc-fznZeY tvPdy"
          >
            <h1
              data-test-id="app-title"
            >
              Welcome to React This is a dummy Heading Here is the dummy text
               
              1
            </h1>
          </div>
        </div>
        <div
          className="sc-Axmtr sc-fzpkJw jNWTGi"
          data-test-id="column-1"
        >
          <div
            className="sc-fznKkj sc-fznZeY tvPdy"
          >
            <h1
              data-test-id="app-title"
            >
              Welcome to React This is a dummy Heading Here is the dummy text
               
              1
            </h1>
          </div>
        </div>
        <div
          className="sc-Axmtr sc-fzpkJw jNWTGi"
          data-test-id="column-1"
        >
          <div
            className="sc-fznKkj sc-fznZeY tvPdy"
          >
            <h1
              data-test-id="app-title"
            >
              Welcome to React This is a dummy Heading Here is the dummy text
               
              1
            </h1>
          </div>
        </div>
        <div
          className="sc-Axmtr sc-fzpkJw jNWTGi"
          data-test-id="column-1"
        >
          <div
            className="sc-fznKkj sc-fznZeY tvPdy"
          >
            <h1
              data-test-id="app-title"
            >
              Welcome to React This is a dummy Heading Here is the dummy text
               
              1
            </h1>
          </div>
        </div>
        <div
          className="sc-Axmtr sc-fzpkJw jNWTGi"
          data-test-id="column-1"
        >
          <div
            className="sc-fznKkj sc-fznZeY tvPdy"
          >
            <h1
              data-test-id="app-title"
            >
              Welcome to React This is a dummy Heading Here is the dummy text
               
              1
            </h1>
          </div>
        </div>
        <div
          className="sc-Axmtr sc-fzpkJw jNWTGi"
          data-test-id="column-1"
        >
          <div
            className="sc-fznKkj sc-fznZeY tvPdy"
          >
            <h1
              data-test-id="app-title"
            >
              Welcome to React This is a dummy Heading Here is the dummy text
               
              1
            </h1>
          </div>
        </div>
        <div
          className="sc-Axmtr sc-fzpkJw jNWTGi"
          data-test-id="column-1"
        >
          <div
            className="sc-fznKkj sc-fznZeY tvPdy"
          >
            <h1
              data-test-id="app-title"
            >
              Welcome to React This is a dummy Heading Here is the dummy text
               
              1
            </h1>
          </div>
        </div>
        <div
          className="sc-Axmtr sc-fzpkJw jNWTGi"
          data-test-id="column-1"
        >
          <div
            className="sc-fznKkj sc-fznZeY tvPdy"
          >
            <h1
              data-test-id="app-title"
            >
              Welcome to React This is a dummy Heading Here is the dummy text
               
              1
            </h1>
          </div>
        </div>
        <div
          className="sc-Axmtr sc-fzpkJw jNWTGi"
          data-test-id="column-1"
        >
          <div
            className="sc-fznKkj sc-fznZeY tvPdy"
          >
            <h1
              data-test-id="app-title"
            >
              Welcome to React This is a dummy Heading Here is the dummy text
               
              1
            </h1>
          </div>
        </div>
        <div
          className="sc-Axmtr sc-fzpkJw jNWTGi"
          data-test-id="column-1"
        >
          <div
            className="sc-fznKkj sc-fznZeY tvPdy"
          >
            <h1
              data-test-id="app-title"
            >
              Welcome to React This is a dummy Heading Here is the dummy text
               
              1
            </h1>
          </div>
        </div>
        <div
          className="sc-Axmtr sc-fzpkJw jNWTGi"
          data-test-id="column-1"
        >
          <div
            className="sc-fznKkj sc-fznZeY tvPdy"
          >
            <h1
              data-test-id="app-title"
            >
              Welcome to React This is a dummy Heading Here is the dummy text
               
              1
            </h1>
          </div>
        </div>
        <div
          className="sc-Axmtr sc-fzpkJw jNWTGi"
          data-test-id="column-1"
        >
          <div
            className="sc-fznKkj sc-fznZeY tvPdy"
          >
            <h1
              data-test-id="app-title"
            >
              Welcome to React This is a dummy Heading Here is the dummy text
               
              1
            </h1>
          </div>
        </div>
        <div
          className="sc-Axmtr sc-fzpkJw jNWTGi"
          data-test-id="column-1"
        >
          <div
            className="sc-fznKkj sc-fznZeY tvPdy"
          >
            <h1
              data-test-id="app-title"
            >
              Welcome to React This is a dummy Heading Here is the dummy text
               
              1
            </h1>
          </div>
        </div>
        <div
          className="sc-Axmtr sc-fzpkJw jNWTGi"
          data-test-id="column-1"
        >
          <div
            className="sc-fznKkj sc-fznZeY tvPdy"
          >
            <h1
              data-test-id="app-title"
            >
              Welcome to React This is a dummy Heading Here is the dummy text
               
              1
            </h1>
          </div>
        </div>
        <div
          className="sc-Axmtr sc-fzpkJw jNWTGi"
          data-test-id="column-1"
        >
          <div
            className="sc-fznKkj sc-fznZeY tvPdy"
          >
            <h1
              data-test-id="app-title"
            >
              Welcome to React This is a dummy Heading Here is the dummy text
               
              1
            </h1>
          </div>
        </div>
        <div
          className="sc-Axmtr sc-fzpkJw jNWTGi"
          data-test-id="column-1"
        >
          <div
            className="sc-fznKkj sc-fznZeY tvPdy"
          >
            <h1
              data-test-id="app-title"
            >
              Welcome to React This is a dummy Heading Here is the dummy text
               
              1
            </h1>
          </div>
        </div>
        <div
          className="sc-Axmtr sc-fzpkJw jNWTGi"
          data-test-id="column-1"
        >
          <div
            className="sc-fznKkj sc-fznZeY tvPdy"
          >
            <h1
              data-test-id="app-title"
            >
              Welcome to React This is a dummy Heading Here is the dummy text
               
              1
            </h1>
          </div>
        </div>
        <div
          className="sc-Axmtr sc-fzpkJw jNWTGi"
          data-test-id="column-1"
        >
          <div
            className="sc-fznKkj sc-fznZeY tvPdy"
          >
            <h1
              data-test-id="app-title"
            >
              Welcome to React This is a dummy Heading Here is the dummy text
               
              1
            </h1>
          </div>
        </div>
        <div
          className="sc-Axmtr sc-fzpkJw jNWTGi"
          data-test-id="column-1"
        >
          <div
            className="sc-fznKkj sc-fznZeY tvPdy"
          >
            <h1
              data-test-id="app-title"
            >
              Welcome to React This is a dummy Heading Here is the dummy text
               
              1
            </h1>
          </div>
        </div>
        <div
          className="sc-Axmtr sc-fzpkJw jNWTGi"
          data-test-id="column-1"
        >
          <div
            className="sc-fznKkj sc-fznZeY tvPdy"
          >
            <h1
              data-test-id="app-title"
            >
              Welcome to React This is a dummy Heading Here is the dummy text
               
              1
            </h1>
          </div>
        </div>
        <div
          className="sc-Axmtr sc-fzpkJw jNWTGi"
          data-test-id="column-1"
        >
          <div
            className="sc-fznKkj sc-fznZeY tvPdy"
          >
            <h1
              data-test-id="app-title"
            >
              Welcome to React This is a dummy Heading Here is the dummy text
               
              1
            </h1>
          </div>
        </div>
        <div
          className="sc-Axmtr sc-fzpkJw jNWTGi"
          data-test-id="column-1"
        >
          <div
            className="sc-fznKkj sc-fznZeY tvPdy"
          >
            <h1
              data-test-id="app-title"
            >
              Welcome to React This is a dummy Heading Here is the dummy text
               
              1
            </h1>
          </div>
        </div>
        <div
          className="sc-Axmtr sc-fzpkJw jNWTGi"
          data-test-id="column-1"
        >
          <div
            className="sc-fznKkj sc-fznZeY tvPdy"
          >
            <h1
              data-test-id="app-title"
            >
              Welcome to React This is a dummy Heading Here is the dummy text
               
              1
            </h1>
          </div>
        </div>
        <div
          className="sc-Axmtr sc-fzpkJw jNWTGi"
          data-test-id="column-1"
        >
          <div
            className="sc-fznKkj sc-fznZeY tvPdy"
          >
            <h1
              data-test-id="app-title"
            >
              Welcome to React This is a dummy Heading Here is the dummy text
               
              1
            </h1>
          </div>
        </div>
      </div>
    </div>
  </div>
</div>
`;

exports[`Welcome Component renders learn react link snapshot test 1`] = `
<div
  class="sc-AxjAm jWlVxK"
>
  <div
    class="sc-AxhCb ijzMIc"
  >
    <div
      class="sc-AxgMl sc-fznJRM woAAk"
    >
      <div
        class="sc-AxheI sc-fzqBkg sc-fzqPZZ jvEYNm"
      >
        <div
          class="sc-Axmtr sc-fzpkJw jNWTGi"
          data-test-id="column-1"
        >
          <div
            class="sc-fznKkj sc-fznZeY tvPdy"
          >
            <h1
              data-test-id="app-title"
            >
              Welcome to React This is a dummy Heading Here is the dummy text 1
            </h1>
          </div>
        </div>
        <div
          class="sc-Axmtr sc-fzpkJw jNWTGi"
          data-test-id="column-1"
        >
          <div
            class="sc-fznKkj sc-fznZeY tvPdy"
          >
            <h1
              data-test-id="app-title"
            >
              Welcome to React This is a dummy Heading Here is the dummy text 1
            </h1>
          </div>
        </div>
        <div
          class="sc-Axmtr sc-fzpkJw jNWTGi"
          data-test-id="column-1"
        >
          <div
            class="sc-fznKkj sc-fznZeY tvPdy"
          >
            <h1
              data-test-id="app-title"
            >
              Welcome to React This is a dummy Heading Here is the dummy text 1
            </h1>
          </div>
        </div>
        <div
          class="sc-Axmtr sc-fzpkJw jNWTGi"
          data-test-id="column-1"
        >
          <div
            class="sc-fznKkj sc-fznZeY tvPdy"
          >
            <h1
              data-test-id="app-title"
            >
              Welcome to React This is a dummy Heading Here is the dummy text 1
            </h1>
          </div>
        </div>
        <div
          class="sc-Axmtr sc-fzpkJw jNWTGi"
          data-test-id="column-1"
        >
          <div
            class="sc-fznKkj sc-fznZeY tvPdy"
          >
            <h1
              data-test-id="app-title"
            >
              Welcome to React This is a dummy Heading Here is the dummy text 1
            </h1>
          </div>
        </div>
        <div
          class="sc-Axmtr sc-fzpkJw jNWTGi"
          data-test-id="column-1"
        >
          <div
            class="sc-fznKkj sc-fznZeY tvPdy"
          >
            <h1
              data-test-id="app-title"
            >
              Welcome to React This is a dummy Heading Here is the dummy text 1
            </h1>
          </div>
        </div>
        <div
          class="sc-Axmtr sc-fzpkJw jNWTGi"
          data-test-id="column-1"
        >
          <div
            class="sc-fznKkj sc-fznZeY tvPdy"
          >
            <h1
              data-test-id="app-title"
            >
              Welcome to React This is a dummy Heading Here is the dummy text 1
            </h1>
          </div>
        </div>
        <div
          class="sc-Axmtr sc-fzpkJw jNWTGi"
          data-test-id="column-1"
        >
          <div
            class="sc-fznKkj sc-fznZeY tvPdy"
          >
            <h1
              data-test-id="app-title"
            >
              Welcome to React This is a dummy Heading Here is the dummy text 1
            </h1>
          </div>
        </div>
        <div
          class="sc-Axmtr sc-fzpkJw jNWTGi"
          data-test-id="column-1"
        >
          <div
            class="sc-fznKkj sc-fznZeY tvPdy"
          >
            <h1
              data-test-id="app-title"
            >
              Welcome to React This is a dummy Heading Here is the dummy text 1
            </h1>
          </div>
        </div>
        <div
          class="sc-Axmtr sc-fzpkJw jNWTGi"
          data-test-id="column-1"
        >
          <div
            class="sc-fznKkj sc-fznZeY tvPdy"
          >
            <h1
              data-test-id="app-title"
            >
              Welcome to React This is a dummy Heading Here is the dummy text 1
            </h1>
          </div>
        </div>
        <div
          class="sc-Axmtr sc-fzpkJw jNWTGi"
          data-test-id="column-1"
        >
          <div
            class="sc-fznKkj sc-fznZeY tvPdy"
          >
            <h1
              data-test-id="app-title"
            >
              Welcome to React This is a dummy Heading Here is the dummy text 1
            </h1>
          </div>
        </div>
        <div
          class="sc-Axmtr sc-fzpkJw jNWTGi"
          data-test-id="column-1"
        >
          <div
            class="sc-fznKkj sc-fznZeY tvPdy"
          >
            <h1
              data-test-id="app-title"
            >
              Welcome to React This is a dummy Heading Here is the dummy text 1
            </h1>
          </div>
        </div>
        <div
          class="sc-Axmtr sc-fzpkJw jNWTGi"
          data-test-id="column-1"
        >
          <div
            class="sc-fznKkj sc-fznZeY tvPdy"
          >
            <h1
              data-test-id="app-title"
            >
              Welcome to React This is a dummy Heading Here is the dummy text 1
            </h1>
          </div>
        </div>
        <div
          class="sc-Axmtr sc-fzpkJw jNWTGi"
          data-test-id="column-1"
        >
          <div
            class="sc-fznKkj sc-fznZeY tvPdy"
          >
            <h1
              data-test-id="app-title"
            >
              Welcome to React This is a dummy Heading Here is the dummy text 1
            </h1>
          </div>
        </div>
        <div
          class="sc-Axmtr sc-fzpkJw jNWTGi"
          data-test-id="column-1"
        >
          <div
            class="sc-fznKkj sc-fznZeY tvPdy"
          >
            <h1
              data-test-id="app-title"
            >
              Welcome to React This is a dummy Heading Here is the dummy text 1
            </h1>
          </div>
        </div>
        <div
          class="sc-Axmtr sc-fzpkJw jNWTGi"
          data-test-id="column-1"
        >
          <div
            class="sc-fznKkj sc-fznZeY tvPdy"
          >
            <h1
              data-test-id="app-title"
            >
              Welcome to React This is a dummy Heading Here is the dummy text 1
            </h1>
          </div>
        </div>
        <div
          class="sc-Axmtr sc-fzpkJw jNWTGi"
          data-test-id="column-1"
        >
          <div
            class="sc-fznKkj sc-fznZeY tvPdy"
          >
            <h1
              data-test-id="app-title"
            >
              Welcome to React This is a dummy Heading Here is the dummy text 1
            </h1>
          </div>
        </div>
        <div
          class="sc-Axmtr sc-fzpkJw jNWTGi"
          data-test-id="column-1"
        >
          <div
            class="sc-fznKkj sc-fznZeY tvPdy"
          >
            <h1
              data-test-id="app-title"
            >
              Welcome to React This is a dummy Heading Here is the dummy text 1
            </h1>
          </div>
        </div>
        <div
          class="sc-Axmtr sc-fzpkJw jNWTGi"
          data-test-id="column-1"
        >
          <div
            class="sc-fznKkj sc-fznZeY tvPdy"
          >
            <h1
              data-test-id="app-title"
            >
              Welcome to React This is a dummy Heading Here is the dummy text 1
            </h1>
          </div>
        </div>
        <div
          class="sc-Axmtr sc-fzpkJw jNWTGi"
          data-test-id="column-1"
        >
          <div
            class="sc-fznKkj sc-fznZeY tvPdy"
          >
            <h1
              data-test-id="app-title"
            >
              Welcome to React This is a dummy Heading Here is the dummy text 1
            </h1>
          </div>
        </div>
        <div
          class="sc-Axmtr sc-fzpkJw jNWTGi"
          data-test-id="column-1"
        >
          <div
            class="sc-fznKkj sc-fznZeY tvPdy"
          >
            <h1
              data-test-id="app-title"
            >
              Welcome to React This is a dummy Heading Here is the dummy text 1
            </h1>
          </div>
        </div>
        <div
          class="sc-Axmtr sc-fzpkJw jNWTGi"
          data-test-id="column-1"
        >
          <div
            class="sc-fznKkj sc-fznZeY tvPdy"
          >
            <h1
              data-test-id="app-title"
            >
              Welcome to React This is a dummy Heading Here is the dummy text 1
            </h1>
          </div>
        </div>
        <div
          class="sc-Axmtr sc-fzpkJw jNWTGi"
          data-test-id="column-1"
        >
          <div
            class="sc-fznKkj sc-fznZeY tvPdy"
          >
            <h1
              data-test-id="app-title"
            >
              Welcome to React This is a dummy Heading Here is the dummy text 1
            </h1>
          </div>
        </div>
        <div
          class="sc-Axmtr sc-fzpkJw jNWTGi"
          data-test-id="column-1"
        >
          <div
            class="sc-fznKkj sc-fznZeY tvPdy"
          >
            <h1
              data-test-id="app-title"
            >
              Welcome to React This is a dummy Heading Here is the dummy text 1
            </h1>
          </div>
        </div>
        <div
          class="sc-Axmtr sc-fzpkJw jNWTGi"
          data-test-id="column-1"
        >
          <div
            class="sc-fznKkj sc-fznZeY tvPdy"
          >
            <h1
              data-test-id="app-title"
            >
              Welcome to React This is a dummy Heading Here is the dummy text 1
            </h1>
          </div>
        </div>
        <div
          class="sc-Axmtr sc-fzpkJw jNWTGi"
          data-test-id="column-1"
        >
          <div
            class="sc-fznKkj sc-fznZeY tvPdy"
          >
            <h1
              data-test-id="app-title"
            >
              Welcome to React This is a dummy Heading Here is the dummy text 1
            </h1>
          </div>
        </div>
        <div
          class="sc-Axmtr sc-fzpkJw jNWTGi"
          data-test-id="column-1"
        >
          <div
            class="sc-fznKkj sc-fznZeY tvPdy"
          >
            <h1
              data-test-id="app-title"
            >
              Welcome to React This is a dummy Heading Here is the dummy text 1
            </h1>
          </div>
        </div>
        <div
          class="sc-Axmtr sc-fzpkJw jNWTGi"
          data-test-id="column-1"
        >
          <div
            class="sc-fznKkj sc-fznZeY tvPdy"
          >
            <h1
              data-test-id="app-title"
            >
              Welcome to React This is a dummy Heading Here is the dummy text 1
            </h1>
          </div>
        </div>
        <div
          class="sc-Axmtr sc-fzpkJw jNWTGi"
          data-test-id="column-1"
        >
          <div
            class="sc-fznKkj sc-fznZeY tvPdy"
          >
            <h1
              data-test-id="app-title"
            >
              Welcome to React This is a dummy Heading Here is the dummy text 1
            </h1>
          </div>
        </div>
        <div
          class="sc-Axmtr sc-fzpkJw jNWTGi"
          data-test-id="column-1"
        >
          <div
            class="sc-fznKkj sc-fznZeY tvPdy"
          >
            <h1
              data-test-id="app-title"
            >
              Welcome to React This is a dummy Heading Here is the dummy text 1
            </h1>
          </div>
        </div>
        <div
          class="sc-Axmtr sc-fzpkJw jNWTGi"
          data-test-id="column-1"
        >
          <div
            class="sc-fznKkj sc-fznZeY tvPdy"
          >
            <h1
              data-test-id="app-title"
            >
              Welcome to React This is a dummy Heading Here is the dummy text 1
            </h1>
          </div>
        </div>
        <div
          class="sc-Axmtr sc-fzpkJw jNWTGi"
          data-test-id="column-1"
        >
          <div
            class="sc-fznKkj sc-fznZeY tvPdy"
          >
            <h1
              data-test-id="app-title"
            >
              Welcome to React This is a dummy Heading Here is the dummy text 1
            </h1>
          </div>
        </div>
        <div
          class="sc-Axmtr sc-fzpkJw jNWTGi"
          data-test-id="column-1"
        >
          <div
            class="sc-fznKkj sc-fznZeY tvPdy"
          >
            <h1
              data-test-id="app-title"
            >
              Welcome to React This is a dummy Heading Here is the dummy text 1
            </h1>
          </div>
        </div>
        <div
          class="sc-Axmtr sc-fzpkJw jNWTGi"
          data-test-id="column-1"
        >
          <div
            class="sc-fznKkj sc-fznZeY tvPdy"
          >
            <h1
              data-test-id="app-title"
            >
              Welcome to React This is a dummy Heading Here is the dummy text 1
            </h1>
          </div>
        </div>
        <div
          class="sc-Axmtr sc-fzpkJw jNWTGi"
          data-test-id="column-1"
        >
          <div
            class="sc-fznKkj sc-fznZeY tvPdy"
          >
            <h1
              data-test-id="app-title"
            >
              Welcome to React This is a dummy Heading Here is the dummy text 1
            </h1>
          </div>
        </div>
        <div
          class="sc-Axmtr sc-fzpkJw jNWTGi"
          data-test-id="column-1"
        >
          <div
            class="sc-fznKkj sc-fznZeY tvPdy"
          >
            <h1
              data-test-id="app-title"
            >
              Welcome to React This is a dummy Heading Here is the dummy text 1
            </h1>
          </div>
        </div>
        <div
          class="sc-Axmtr sc-fzpkJw jNWTGi"
          data-test-id="column-1"
        >
          <div
            class="sc-fznKkj sc-fznZeY tvPdy"
          >
            <h1
              data-test-id="app-title"
            >
              Welcome to React This is a dummy Heading Here is the dummy text 1
            </h1>
          </div>
        </div>
        <div
          class="sc-Axmtr sc-fzpkJw jNWTGi"
          data-test-id="column-1"
        >
          <div
            class="sc-fznKkj sc-fznZeY tvPdy"
          >
            <h1
              data-test-id="app-title"
            >
              Welcome to React This is a dummy Heading Here is the dummy text 1
            </h1>
          </div>
        </div>
        <div
          class="sc-Axmtr sc-fzpkJw jNWTGi"
          data-test-id="column-1"
        >
          <div
            class="sc-fznKkj sc-fznZeY tvPdy"
          >
            <h1
              data-test-id="app-title"
            >
              Welcome to React This is a dummy Heading Here is the dummy text 1
            </h1>
          </div>
        </div>
        <div
          class="sc-Axmtr sc-fzpkJw jNWTGi"
          data-test-id="column-1"
        >
          <div
            class="sc-fznKkj sc-fznZeY tvPdy"
          >
            <h1
              data-test-id="app-title"
            >
              Welcome to React This is a dummy Heading Here is the dummy text 1
            </h1>
          </div>
        </div>
        <div
          class="sc-Axmtr sc-fzpkJw jNWTGi"
          data-test-id="column-1"
        >
          <div
            class="sc-fznKkj sc-fznZeY tvPdy"
          >
            <h1
              data-test-id="app-title"
            >
              Welcome to React This is a dummy Heading Here is the dummy text 1
            </h1>
          </div>
        </div>
        <div
          class="sc-Axmtr sc-fzpkJw jNWTGi"
          data-test-id="column-1"
        >
          <div
            class="sc-fznKkj sc-fznZeY tvPdy"
          >
            <h1
              data-test-id="app-title"
            >
              Welcome to React This is a dummy Heading Here is the dummy text 1
            </h1>
          </div>
        </div>
        <div
          class="sc-Axmtr sc-fzpkJw jNWTGi"
          data-test-id="column-1"
        >
          <div
            class="sc-fznKkj sc-fznZeY tvPdy"
          >
            <h1
              data-test-id="app-title"
            >
              Welcome to React This is a dummy Heading Here is the dummy text 1
            </h1>
          </div>
        </div>
        <div
          class="sc-Axmtr sc-fzpkJw jNWTGi"
          data-test-id="column-1"
        >
          <div
            class="sc-fznKkj sc-fznZeY tvPdy"
          >
            <h1
              data-test-id="app-title"
            >
              Welcome to React This is a dummy Heading Here is the dummy text 1
            </h1>
          </div>
        </div>
        <div
          class="sc-Axmtr sc-fzpkJw jNWTGi"
          data-test-id="column-1"
        >
          <div
            class="sc-fznKkj sc-fznZeY tvPdy"
          >
            <h1
              data-test-id="app-title"
            >
              Welcome to React This is a dummy Heading Here is the dummy text 1
            </h1>
          </div>
        </div>
        <div
          class="sc-Axmtr sc-fzpkJw jNWTGi"
          data-test-id="column-1"
        >
          <div
            class="sc-fznKkj sc-fznZeY tvPdy"
          >
            <h1
              data-test-id="app-title"
            >
              Welcome to React This is a dummy Heading Here is the dummy text 1
            </h1>
          </div>
        </div>
        <div
          class="sc-Axmtr sc-fzpkJw jNWTGi"
          data-test-id="column-1"
        >
          <div
            class="sc-fznKkj sc-fznZeY tvPdy"
          >
            <h1
              data-test-id="app-title"
            >
              Welcome to React This is a dummy Heading Here is the dummy text 1
            </h1>
          </div>
        </div>
        <div
          class="sc-Axmtr sc-fzpkJw jNWTGi"
          data-test-id="column-1"
        >
          <div
            class="sc-fznKkj sc-fznZeY tvPdy"
          >
            <h1
              data-test-id="app-title"
            >
              Welcome to React This is a dummy Heading Here is the dummy text 1
            </h1>
          </div>
        </div>
        <div
          class="sc-Axmtr sc-fzpkJw jNWTGi"
          data-test-id="column-1"
        >
          <div
            class="sc-fznKkj sc-fznZeY tvPdy"
          >
            <h1
              data-test-id="app-title"
            >
              Welcome to React This is a dummy Heading Here is the dummy text 1
            </h1>
          </div>
        </div>
        <div
          class="sc-Axmtr sc-fzpkJw jNWTGi"
          data-test-id="column-1"
        >
          <div
            class="sc-fznKkj sc-fznZeY tvPdy"
          >
            <h1
              data-test-id="app-title"
            >
              Welcome to React This is a dummy Heading Here is the dummy text 1
            </h1>
          </div>
        </div>
        <div
          class="sc-Axmtr sc-fzpkJw jNWTGi"
          data-test-id="column-1"
        >
          <div
            class="sc-fznKkj sc-fznZeY tvPdy"
          >
            <h1
              data-test-id="app-title"
            >
              Welcome to React This is a dummy Heading Here is the dummy text 1
            </h1>
          </div>
        </div>
        <div
          class="sc-Axmtr sc-fzpkJw jNWTGi"
          data-test-id="column-1"
        >
          <div
            class="sc-fznKkj sc-fznZeY tvPdy"
          >
            <h1
              data-test-id="app-title"
            >
              Welcome to React This is a dummy Heading Here is the dummy text 1
            </h1>
          </div>
        </div>
        <div
          class="sc-Axmtr sc-fzpkJw jNWTGi"
          data-test-id="column-1"
        >
          <div
            class="sc-fznKkj sc-fznZeY tvPdy"
          >
            <h1
              data-test-id="app-title"
            >
              Welcome to React This is a dummy Heading Here is the dummy text 1
            </h1>
          </div>
        </div>
        <div
          class="sc-Axmtr sc-fzpkJw jNWTGi"
          data-test-id="column-1"
        >
          <div
            class="sc-fznKkj sc-fznZeY tvPdy"
          >
            <h1
              data-test-id="app-title"
            >
              Welcome to React This is a dummy Heading Here is the dummy text 1
            </h1>
          </div>
        </div>
        <div
          class="sc-Axmtr sc-fzpkJw jNWTGi"
          data-test-id="column-1"
        >
          <div
            class="sc-fznKkj sc-fznZeY tvPdy"
          >
            <h1
              data-test-id="app-title"
            >
              Welcome to React This is a dummy Heading Here is the dummy text 1
            </h1>
          </div>
        </div>
        <div
          class="sc-Axmtr sc-fzpkJw jNWTGi"
          data-test-id="column-1"
        >
          <div
            class="sc-fznKkj sc-fznZeY tvPdy"
          >
            <h1
              data-test-id="app-title"
            >
              Welcome to React This is a dummy Heading Here is the dummy text 1
            </h1>
          </div>
        </div>
        <div
          class="sc-Axmtr sc-fzpkJw jNWTGi"
          data-test-id="column-1"
        >
          <div
            class="sc-fznKkj sc-fznZeY tvPdy"
          >
            <h1
              data-test-id="app-title"
            >
              Welcome to React This is a dummy Heading Here is the dummy text 1
            </h1>
          </div>
        </div>
        <div
          class="sc-Axmtr sc-fzpkJw jNWTGi"
          data-test-id="column-1"
        >
          <div
            class="sc-fznKkj sc-fznZeY tvPdy"
          >
            <h1
              data-test-id="app-title"
            >
              Welcome to React This is a dummy Heading Here is the dummy text 1
            </h1>
          </div>
        </div>
        <div
          class="sc-Axmtr sc-fzpkJw jNWTGi"
          data-test-id="column-1"
        >
          <div
            class="sc-fznKkj sc-fznZeY tvPdy"
          >
            <h1
              data-test-id="app-title"
            >
              Welcome to React This is a dummy Heading Here is the dummy text 1
            </h1>
          </div>
        </div>
        <div
          class="sc-Axmtr sc-fzpkJw jNWTGi"
          data-test-id="column-1"
        >
          <div
            class="sc-fznKkj sc-fznZeY tvPdy"
          >
            <h1
              data-test-id="app-title"
            >
              Welcome to React This is a dummy Heading Here is the dummy text 1
            </h1>
          </div>
        </div>
        <div
          class="sc-Axmtr sc-fzpkJw jNWTGi"
          data-test-id="column-1"
        >
          <div
            class="sc-fznKkj sc-fznZeY tvPdy"
          >
            <h1
              data-test-id="app-title"
            >
              Welcome to React This is a dummy Heading Here is the dummy text 1
            </h1>
          </div>
        </div>
        <div
          class="sc-Axmtr sc-fzpkJw jNWTGi"
          data-test-id="column-1"
        >
          <div
            class="sc-fznKkj sc-fznZeY tvPdy"
          >
            <h1
              data-test-id="app-title"
            >
              Welcome to React This is a dummy Heading Here is the dummy text 1
            </h1>
          </div>
        </div>
        <div
          class="sc-Axmtr sc-fzpkJw jNWTGi"
          data-test-id="column-1"
        >
          <div
            class="sc-fznKkj sc-fznZeY tvPdy"
          >
            <h1
              data-test-id="app-title"
            >
              Welcome to React This is a dummy Heading Here is the dummy text 1
            </h1>
          </div>
        </div>
        <div
          class="sc-Axmtr sc-fzpkJw jNWTGi"
          data-test-id="column-1"
        >
          <div
            class="sc-fznKkj sc-fznZeY tvPdy"
          >
            <h1
              data-test-id="app-title"
            >
              Welcome to React This is a dummy Heading Here is the dummy text 1
            </h1>
          </div>
        </div>
        <div
          class="sc-Axmtr sc-fzpkJw jNWTGi"
          data-test-id="column-1"
        >
          <div
            class="sc-fznKkj sc-fznZeY tvPdy"
          >
            <h1
              data-test-id="app-title"
            >
              Welcome to React This is a dummy Heading Here is the dummy text 1
            </h1>
          </div>
        </div>
        <div
          class="sc-Axmtr sc-fzpkJw jNWTGi"
          data-test-id="column-1"
        >
          <div
            class="sc-fznKkj sc-fznZeY tvPdy"
          >
            <h1
              data-test-id="app-title"
            >
              Welcome to React This is a dummy Heading Here is the dummy text 1
            </h1>
          </div>
        </div>
        <div
          class="sc-Axmtr sc-fzpkJw jNWTGi"
          data-test-id="column-1"
        >
          <div
            class="sc-fznKkj sc-fznZeY tvPdy"
          >
            <h1
              data-test-id="app-title"
            >
              Welcome to React This is a dummy Heading Here is the dummy text 1
            </h1>
          </div>
        </div>
        <div
          class="sc-Axmtr sc-fzpkJw jNWTGi"
          data-test-id="column-1"
        >
          <div
            class="sc-fznKkj sc-fznZeY tvPdy"
          >
            <h1
              data-test-id="app-title"
            >
              Welcome to React This is a dummy Heading Here is the dummy text 1
            </h1>
          </div>
        </div>
        <div
          class="sc-Axmtr sc-fzpkJw jNWTGi"
          data-test-id="column-1"
        >
          <div
            class="sc-fznKkj sc-fznZeY tvPdy"
          >
            <h1
              data-test-id="app-title"
            >
              Welcome to React This is a dummy Heading Here is the dummy text 1
            </h1>
          </div>
        </div>
        <div
          class="sc-Axmtr sc-fzpkJw jNWTGi"
          data-test-id="column-1"
        >
          <div
            class="sc-fznKkj sc-fznZeY tvPdy"
          >
            <h1
              data-test-id="app-title"
            >
              Welcome to React This is a dummy Heading Here is the dummy text 1
            </h1>
          </div>
        </div>
        <div
          class="sc-Axmtr sc-fzpkJw jNWTGi"
          data-test-id="column-1"
        >
          <div
            class="sc-fznKkj sc-fznZeY tvPdy"
          >
            <h1
              data-test-id="app-title"
            >
              Welcome to React This is a dummy Heading Here is the dummy text 1
            </h1>
          </div>
        </div>
        <div
          class="sc-Axmtr sc-fzpkJw jNWTGi"
          data-test-id="column-1"
        >
          <div
            class="sc-fznKkj sc-fznZeY tvPdy"
          >
            <h1
              data-test-id="app-title"
            >
              Welcome to React This is a dummy Heading Here is the dummy text 1
            </h1>
          </div>
        </div>
        <div
          class="sc-Axmtr sc-fzpkJw jNWTGi"
          data-test-id="column-1"
        >
          <div
            class="sc-fznKkj sc-fznZeY tvPdy"
          >
            <h1
              data-test-id="app-title"
            >
              Welcome to React This is a dummy Heading Here is the dummy text 1
            </h1>
          </div>
        </div>
        <div
          class="sc-Axmtr sc-fzpkJw jNWTGi"
          data-test-id="column-1"
        >
          <div
            class="sc-fznKkj sc-fznZeY tvPdy"
          >
            <h1
              data-test-id="app-title"
            >
              Welcome to React This is a dummy Heading Here is the dummy text 1
            </h1>
          </div>
        </div>
        <div
          class="sc-Axmtr sc-fzpkJw jNWTGi"
          data-test-id="column-1"
        >
          <div
            class="sc-fznKkj sc-fznZeY tvPdy"
          >
            <h1
              data-test-id="app-title"
            >
              Welcome to React This is a dummy Heading Here is the dummy text 1
            </h1>
          </div>
        </div>
        <div
          class="sc-Axmtr sc-fzpkJw jNWTGi"
          data-test-id="column-1"
        >
          <div
            class="sc-fznKkj sc-fznZeY tvPdy"
          >
            <h1
              data-test-id="app-title"
            >
              Welcome to React This is a dummy Heading Here is the dummy text 1
            </h1>
          </div>
        </div>
        <div
          class="sc-Axmtr sc-fzpkJw jNWTGi"
          data-test-id="column-1"
        >
          <div
            class="sc-fznKkj sc-fznZeY tvPdy"
          >
            <h1
              data-test-id="app-title"
            >
              Welcome to React This is a dummy Heading Here is the dummy text 1
            </h1>
          </div>
        </div>
        <div
          class="sc-Axmtr sc-fzpkJw jNWTGi"
          data-test-id="column-1"
        >
          <div
            class="sc-fznKkj sc-fznZeY tvPdy"
          >
            <h1
              data-test-id="app-title"
            >
              Welcome to React This is a dummy Heading Here is the dummy text 1
            </h1>
          </div>
        </div>
        <div
          class="sc-Axmtr sc-fzpkJw jNWTGi"
          data-test-id="column-1"
        >
          <div
            class="sc-fznKkj sc-fznZeY tvPdy"
          >
            <h1
              data-test-id="app-title"
            >
              Welcome to React This is a dummy Heading Here is the dummy text 1
            </h1>
          </div>
        </div>
        <div
          class="sc-Axmtr sc-fzpkJw jNWTGi"
          data-test-id="column-1"
        >
          <div
            class="sc-fznKkj sc-fznZeY tvPdy"
          >
            <h1
              data-test-id="app-title"
            >
              Welcome to React This is a dummy Heading Here is the dummy text 1
            </h1>
          </div>
        </div>
        <div
          class="sc-Axmtr sc-fzpkJw jNWTGi"
          data-test-id="column-1"
        >
          <div
            class="sc-fznKkj sc-fznZeY tvPdy"
          >
            <h1
              data-test-id="app-title"
            >
              Welcome to React This is a dummy Heading Here is the dummy text 1
            </h1>
          </div>
        </div>
        <div
          class="sc-Axmtr sc-fzpkJw jNWTGi"
          data-test-id="column-1"
        >
          <div
            class="sc-fznKkj sc-fznZeY tvPdy"
          >
            <h1
              data-test-id="app-title"
            >
              Welcome to React This is a dummy Heading Here is the dummy text 1
            </h1>
          </div>
        </div>
        <div
          class="sc-Axmtr sc-fzpkJw jNWTGi"
          data-test-id="column-1"
        >
          <div
            class="sc-fznKkj sc-fznZeY tvPdy"
          >
            <h1
              data-test-id="app-title"
            >
              Welcome to React This is a dummy Heading Here is the dummy text 1
            </h1>
          </div>
        </div>
        <div
          class="sc-Axmtr sc-fzpkJw jNWTGi"
          data-test-id="column-1"
        >
          <div
            class="sc-fznKkj sc-fznZeY tvPdy"
          >
            <h1
              data-test-id="app-title"
            >
              Welcome to React This is a dummy Heading Here is the dummy text 1
            </h1>
          </div>
        </div>
        <div
          class="sc-Axmtr sc-fzpkJw jNWTGi"
          data-test-id="column-1"
        >
          <div
            class="sc-fznKkj sc-fznZeY tvPdy"
          >
            <h1
              data-test-id="app-title"
            >
              Welcome to React This is a dummy Heading Here is the dummy text 1
            </h1>
          </div>
        </div>
        <div
          class="sc-Axmtr sc-fzpkJw jNWTGi"
          data-test-id="column-1"
        >
          <div
            class="sc-fznKkj sc-fznZeY tvPdy"
          >
            <h1
              data-test-id="app-title"
            >
              Welcome to React This is a dummy Heading Here is the dummy text 1
            </h1>
          </div>
        </div>
        <div
          class="sc-Axmtr sc-fzpkJw jNWTGi"
          data-test-id="column-1"
        >
          <div
            class="sc-fznKkj sc-fznZeY tvPdy"
          >
            <h1
              data-test-id="app-title"
            >
              Welcome to React This is a dummy Heading Here is the dummy text 1
            </h1>
          </div>
        </div>
        <div
          class="sc-Axmtr sc-fzpkJw jNWTGi"
          data-test-id="column-1"
        >
          <div
            class="sc-fznKkj sc-fznZeY tvPdy"
          >
            <h1
              data-test-id="app-title"
            >
              Welcome to React This is a dummy Heading Here is the dummy text 1
            </h1>
          </div>
        </div>
        <div
          class="sc-Axmtr sc-fzpkJw jNWTGi"
          data-test-id="column-1"
        >
          <div
            class="sc-fznKkj sc-fznZeY tvPdy"
          >
            <h1
              data-test-id="app-title"
            >
              Welcome to React This is a dummy Heading Here is the dummy text 1
            </h1>
          </div>
        </div>
        <div
          class="sc-Axmtr sc-fzpkJw jNWTGi"
          data-test-id="column-1"
        >
          <div
            class="sc-fznKkj sc-fznZeY tvPdy"
          >
            <h1
              data-test-id="app-title"
            >
              Welcome to React This is a dummy Heading Here is the dummy text 1
            </h1>
          </div>
        </div>
        <div
          class="sc-Axmtr sc-fzpkJw jNWTGi"
          data-test-id="column-1"
        >
          <div
            class="sc-fznKkj sc-fznZeY tvPdy"
          >
            <h1
              data-test-id="app-title"
            >
              Welcome to React This is a dummy Heading Here is the dummy text 1
            </h1>
          </div>
        </div>
        <div
          class="sc-Axmtr sc-fzpkJw jNWTGi"
          data-test-id="column-1"
        >
          <div
            class="sc-fznKkj sc-fznZeY tvPdy"
          >
            <h1
              data-test-id="app-title"
            >
              Welcome to React This is a dummy Heading Here is the dummy text 1
            </h1>
          </div>
        </div>
        <div
          class="sc-Axmtr sc-fzpkJw jNWTGi"
          data-test-id="column-1"
        >
          <div
            class="sc-fznKkj sc-fznZeY tvPdy"
          >
            <h1
              data-test-id="app-title"
            >
              Welcome to React This is a dummy Heading Here is the dummy text 1
            </h1>
          </div>
        </div>
        <div
          class="sc-Axmtr sc-fzpkJw jNWTGi"
          data-test-id="column-1"
        >
          <div
            class="sc-fznKkj sc-fznZeY tvPdy"
          >
            <h1
              data-test-id="app-title"
            >
              Welcome to React This is a dummy Heading Here is the dummy text 1
            </h1>
          </div>
        </div>
        <div
          class="sc-Axmtr sc-fzpkJw jNWTGi"
          data-test-id="column-1"
        >
          <div
            class="sc-fznKkj sc-fznZeY tvPdy"
          >
            <h1
              data-test-id="app-title"
            >
              Welcome to React This is a dummy Heading Here is the dummy text 1
            </h1>
          </div>
        </div>
        <div
          class="sc-Axmtr sc-fzpkJw jNWTGi"
          data-test-id="column-1"
        >
          <div
            class="sc-fznKkj sc-fznZeY tvPdy"
          >
            <h1
              data-test-id="app-title"
            >
              Welcome to React This is a dummy Heading Here is the dummy text 1
            </h1>
          </div>
        </div>
        <div
          class="sc-Axmtr sc-fzpkJw jNWTGi"
          data-test-id="column-1"
        >
          <div
            class="sc-fznKkj sc-fznZeY tvPdy"
          >
            <h1
              data-test-id="app-title"
            >
              Welcome to React This is a dummy Heading Here is the dummy text 1
            </h1>
          </div>
        </div>
        <div
          class="sc-Axmtr sc-fzpkJw jNWTGi"
          data-test-id="column-1"
        >
          <div
            class="sc-fznKkj sc-fznZeY tvPdy"
          >
            <h1
              data-test-id="app-title"
            >
              Welcome to React This is a dummy Heading Here is the dummy text 1
            </h1>
          </div>
        </div>
        <div
          class="sc-Axmtr sc-fzpkJw jNWTGi"
          data-test-id="column-1"
        >
          <div
            class="sc-fznKkj sc-fznZeY tvPdy"
          >
            <h1
              data-test-id="app-title"
            >
              Welcome to React This is a dummy Heading Here is the dummy text 1
            </h1>
          </div>
        </div>
        <div
          class="sc-Axmtr sc-fzpkJw jNWTGi"
          data-test-id="column-1"
        >
          <div
            class="sc-fznKkj sc-fznZeY tvPdy"
          >
            <h1
              data-test-id="app-title"
            >
              Welcome to React This is a dummy Heading Here is the dummy text 1
            </h1>
          </div>
        </div>
      </div>
    </div>
  </div>
</div>
`;
